Mono path[0] = '/Users/dawsonblock/unity/My project (7)/Builds/StandaloneOSX/EscapeTheElites.app/Contents/Resources/Data/Managed'
Mono config path = '/Users/dawsonblock/unity/My project (7)/Builds/StandaloneOSX/EscapeTheElites.app/Contents/MonoBleedingEdge/etc'
CodeReloadManager initialized
Input System module state changed to: Initialized.
[Physics::Module] Initialized fallback backend.
[Physics::Module] Id: 0xdecafbad
Initialize engine version: 6000.6.0f1 (f7f8ed4d1e24)
[EntityIdStore] init: VM path (explicit commit), pageSize=16384, blockCount=262144, entitiesPerBlock=1024, slots reserved=4294967296 bytes
[Subsystems] Discovering subsystems at path /Users/dawsonblock/unity/My project (7)/Builds/StandaloneOSX/EscapeTheElites.app/Contents/Resources/Data/UnitySubsystems
Forcing GfxDevice: Null
GfxDevice: creating device client; kGfxThreadingModeNonThreaded
NullGfxDevice:
    Version:  NULL 1.0 [1.0]
    Renderer: Null Device
    Vendor:   Unity Technologies
Begin MonoManager ReloadAssembly
- Finished resetting the current domain, in  0.006 seconds
[Physics::Module] Selected backend.
[Physics::Module] Name: PhysX
[Physics::Module] Id: 0xf2b8ea05
[Physics::Module] SDK Version: 4.1.2
[Physics::Module] Integration Version: 1.0.0
[Physics::Module] Threading Mode: Multi-Threaded
UnloadTime: 0.471667 ms
Unloading 6 Unused Serialized files (Serialized files now loaded: 0)
UnloadTime: 0.466083 ms
Unloading 4 unused Assets to reduce memory usage. Loaded Objects now: 1604.
Total: 0.719125 ms (FindLiveObjects: 0.047917 ms CreateObjectMapping: 0.020500 ms MarkObjects: 0.633666 ms  DeleteObjects: 0.010375 ms)

Unloading 5 Unused Serialized files (Serialized files now loaded: 0)
UnloadTime: 2.045250 ms
Unloading 14 unused Assets to reduce memory usage. Loaded Objects now: 2429.
Total: 0.957208 ms (FindLiveObjects: 0.045333 ms CreateObjectMapping: 0.018292 ms MarkObjects: 0.862167 ms  DeleteObjects: 0.021750 ms)

[CMD] 00:26:38 ACTIVATE_OBJECTIVE reach_compound
The character with Unicode value \u25B8 was not found in the [LiberationSans SDF] font asset or any potential fallbacks. It was replaced by Unicode character \u25A1 in text object [Objective].
Unloading 5 Unused Serialized files (Serialized files now loaded: 0)
UnloadTime: 2.728000 ms
Failed to create agent because there is no valid NavMesh
Unloading 23 unused Assets to reduce memory usage. Loaded Objects now: 2569.
Total: 0.981625 ms (FindLiveObjects: 0.052750 ms CreateObjectMapping: 0.020292 ms MarkObjects: 0.839708 ms  DeleteObjects: 0.058792 ms)

[CMD] 00:26:39 COMPLETE_OBJECTIVE infiltrate_service
The character with Unicode value \u25B8 was not found in the [LiberationSans SDF] font asset or any potential fallbacks. It was replaced by Unicode character \u25A1 in text object [Objective].
Unloading 6 Unused Serialized files (Serialized files now loaded: 0)
UnloadTime: 1.045375 ms
Failed to create agent because there is no valid NavMesh
Unloading 28 unused Assets to reduce memory usage. Loaded Objects now: 2525.
Total: 11.563375 ms (FindLiveObjects: 0.051750 ms CreateObjectMapping: 0.021000 ms MarkObjects: 0.911500 ms  DeleteObjects: 10.568833 ms)

The character with Unicode value \u25B8 was not found in the [LiberationSans SDF] font asset or any potential fallbacks. It was replaced by Unicode character \u25A1 in text object [Objective].
Unloading 7 Unused Serialized files (Serialized files now loaded: 0)
UnloadTime: 0.512709 ms
Failed to create agent because there is no valid NavMesh
Failed to create agent because there is no valid NavMesh
Unloading 37 unused Assets to reduce memory usage. Loaded Objects now: 2635.
Total: 11.114917 ms (FindLiveObjects: 0.062916 ms CreateObjectMapping: 0.020000 ms MarkObjects: 0.916708 ms  DeleteObjects: 10.101167 ms)

The character with Unicode value \u25B8 was not found in the [LiberationSans SDF] font asset or any potential fallbacks. It was replaced by Unicode character \u25A1 in text object [Objective].
Unloading 6 Unused Serialized files (Serialized files now loaded: 0)
UnloadTime: 0.505291 ms
Failed to create agent because there is no valid NavMesh
Unloading 24 unused Assets to reduce memory usage. Loaded Objects now: 2487.
Total: 1.035416 ms (FindLiveObjects: 0.057000 ms CreateObjectMapping: 0.021250 ms MarkObjects: 0.910000 ms  DeleteObjects: 0.036708 ms)

[CMD] 00:26:42 COMPLETE_OBJECTIVE reach_bunker
The character with Unicode value \u25B8 was not found in the [LiberationSans SDF] font asset or any potential fallbacks. It was replaced by Unicode character \u25A1 in text object [Objective].
Unloading 7 Unused Serialized files (Serialized files now loaded: 0)
UnloadTime: 0.563875 ms
Failed to create agent because there is no valid NavMesh
Unloading 25 unused Assets to reduce memory usage. Loaded Objects now: 2493.
Total: 1.067333 ms (FindLiveObjects: 0.064459 ms CreateObjectMapping: 0.026042 ms MarkObjects: 0.917125 ms  DeleteObjects: 0.049291 ms)

[CMD] 00:26:43 COMPLETE_OBJECTIVE reach_tower
The character with Unicode value \u25B8 was not found in the [LiberationSans SDF] font asset or any potential fallbacks. It was replaced by Unicode character \u25A1 in text object [Objective].
[CMD] 00:26:44 COLLECT_EVIDENCE access_log_001
[CMD] 00:26:44 COLLECT_EVIDENCE broadcast_key_001
[CMD] 00:26:44 COLLECT_EVIDENCE broadcast_script_001
[CMD] 00:26:44 COLLECT_EVIDENCE guest_log_001
[CMD] 00:26:44 COLLECT_EVIDENCE incident_report_001
[CMD] 00:26:44 COLLECT_EVIDENCE keycard_staff
[CMD] 00:26:44 COLLECT_EVIDENCE ledger_page_001
[CMD] 00:26:44 COLLECT_EVIDENCE public_statement_001
[CMD] 00:26:44 COLLECT_EVIDENCE security_memo_001
[CMD] 00:26:44 COLLECT_EVIDENCE server_archive_001
[CMD] 00:26:44 COLLECT_EVIDENCE transport_manifest_001
[CMD] 00:26:44 COLLECT_EVIDENCE vault_keylog_001
[CMD] 00:26:44 COMPLETE_OBJECTIVE broadcast_truth
[CMD] 00:26:44 COMPLETE_OBJECTIVE corroborate_story
[CMD] 00:26:44 COMPLETE_OBJECTIVE download_archive
[CMD] 00:26:44 COMPLETE_OBJECTIVE find_keycard
[CMD] 00:26:44 COMPLETE_OBJECTIVE infiltrate_service
[CMD] 00:26:44 COMPLETE_OBJECTIVE reach_bunker
[CMD] 00:26:44 COMPLETE_OBJECTIVE reach_compound
[CMD] 00:26:44 COMPLETE_OBJECTIVE reach_tower
[CMD] 00:26:44 COMPLETE_OBJECTIVE route_broadcast
[CMD] 00:26:44 COMPLETE_OBJECTIVE search_office
[CMD] 00:26:44 COMPLETE_OBJECTIVE unlock_service_door
[CMD] 00:26:44 COMPLETE_OBJECTIVE broadcast_truth
[CMD] 00:26:44 COMPLETE_OBJECTIVE corroborate_story
[CMD] 00:26:44 COMPLETE_OBJECTIVE download_archive
[CMD] 00:26:44 COMPLETE_OBJECTIVE find_keycard
[CMD] 00:26:44 COMPLETE_OBJECTIVE infiltrate_service
[CMD] 00:26:44 COMPLETE_OBJECTIVE reach_bunker
[CMD] 00:26:44 COMPLETE_OBJECTIVE reach_tower
[CMD] 00:26:44 COMPLETE_OBJECTIVE route_broadcast
[CMD] 00:26:44 COMPLETE_OBJECTIVE search_office
[CMD] 00:26:44 COMPLETE_OBJECTIVE unlock_service_door
[CMD] 00:26:44 COMPLETE_OBJECTIVE broadcast_truth
[CMD] 00:26:44 COMPLETE_OBJECTIVE reach_bunker
[CMD] 00:26:44 COMPLETE_OBJECTIVE reach_tower
[CMD] 00:26:44 COMPLETE_OBJECTIVE route_broadcast
[CMD] 00:26:44 COMPLETE_OBJECTIVE broadcast_truth
[CMD] 00:26:44 COMPLETE_OBJECTIVE route_broadcast
[CMD] 00:26:44 ROUTE_BROADCAST route_broadcast
[CMD] 00:26:44 COMPLETE_BROADCAST broadcast_truth
[CMD] 00:26:44 CHANGE_SCENE broadcast_tower
Unloading 7 Unused Serialized files (Serialized files now loaded: 0)
UnloadTime: 0.484708 ms
Failed to create agent because there is no valid NavMesh
Unloading 15 unused Assets to reduce memory usage. Loaded Objects now: 2494.
Total: 0.967625 ms (FindLiveObjects: 0.061958 ms CreateObjectMapping: 0.027209 ms MarkObjects: 0.845916 ms  DeleteObjects: 0.021583 ms)

[CMD] 00:26:44 COMPLETE_OBJECTIVE reach_tower
SMOKE PASS — scenes, progression and save round-trip verified.
Thread 0x16f443000 may have been prematurely finalized
[Physics::Module] Cleanup current backend.
[Physics::Module] Id: 0xf2b8ea05
Input System module state changed to: ShutdownInProgress.
Input Polling Thread exited.
Input System module state changed to: Shutdown.
Thread 0x16e15f000 may have been prematurely finalized
Thread 0x16e0d3000 may have been prematurely finalized
Thread 0x16dfbb000 may have been prematurely finalized
Thread 0x16e047000 may have been prematurely finalized
CodeReloadManager destroyed
