Mono path[0] = '/Users/dawsonblock/unity/My project (7)/Builds/StandaloneOSX/EscapeTheElites.app/Contents/Resources/Data/Managed'
Mono config path = '/Users/dawsonblock/unity/My project (7)/Builds/StandaloneOSX/EscapeTheElites.app/Contents/MonoBleedingEdge/etc'
CodeReloadManager initialized
Input System module state changed to: Initialized.
[Physics::Module] Initialized fallback backend.
[Physics::Module] Id: 0xdecafbad
Initialize engine version: 6000.6.0f1 (f7f8ed4d1e24)
[EntityIdStore] init: VM path (explicit commit), pageSize=16384, blockCount=262144, entitiesPerBlock=1024, slots reserved=4294967296 bytes
[Subsystems] Discovering subsystems at path /Users/dawsonblock/unity/My project (7)/Builds/StandaloneOSX/EscapeTheElites.app/Contents/Resources/Data/UnitySubsystems
Forcing GfxDevice: Null
GfxDevice: creating device client; kGfxThreadingModeNonThreaded
NullGfxDevice:
    Version:  NULL 1.0 [1.0]
    Renderer: Null Device
    Vendor:   Unity Technologies
Begin MonoManager ReloadAssembly
- Finished resetting the current domain, in  0.006 seconds
[Physics::Module] Selected backend.
[Physics::Module] Name: PhysX
[Physics::Module] Id: 0xf2b8ea05
[Physics::Module] SDK Version: 4.1.2
[Physics::Module] Integration Version: 1.0.0
[Physics::Module] Threading Mode: Multi-Threaded
UnloadTime: 0.959417 ms
Unloading 6 Unused Serialized files (Serialized files now loaded: 0)
UnloadTime: 0.548125 ms
Unloading 4 unused Assets to reduce memory usage. Loaded Objects now: 4238.
Total: 3.305084 ms (FindLiveObjects: 0.109541 ms CreateObjectMapping: 0.059667 ms MarkObjects: 3.105459 ms  DeleteObjects: 0.013750 ms)

Unloading 5 Unused Serialized files (Serialized files now loaded: 0)
UnloadTime: 2.220917 ms
Unloading 12 unused Assets to reduce memory usage. Loaded Objects now: 5066.
Total: 6.526833 ms (FindLiveObjects: 0.117417 ms CreateObjectMapping: 0.062458 ms MarkObjects: 6.307292 ms  DeleteObjects: 0.018750 ms)

[CMD] 01:55:37 ACTIVATE_OBJECTIVE reach_compound
The character with Unicode value \u25B8 was not found in the [LiberationSans SDF] font asset or any potential fallbacks. It was replaced by Unicode character \u25A1 in text object [Objective].
Unloading 5 Unused Serialized files (Serialized files now loaded: 0)
UnloadTime: 3.038875 ms
Failed to create agent because there is no valid NavMesh
Unloading 25 unused Assets to reduce memory usage. Loaded Objects now: 5202.
Total: 2.322042 ms (FindLiveObjects: 0.123583 ms CreateObjectMapping: 0.068333 ms MarkObjects: 2.047292 ms  DeleteObjects: 0.063375 ms)

[CMD] 01:55:38 COMPLETE_OBJECTIVE infiltrate_service
The character with Unicode value \u25B8 was not found in the [LiberationSans SDF] font asset or any potential fallbacks. It was replaced by Unicode character \u25A1 in text object [Objective].
Unloading 6 Unused Serialized files (Serialized files now loaded: 0)
UnloadTime: 1.147208 ms
Failed to create agent because there is no valid NavMesh
Unloading 28 unused Assets to reduce memory usage. Loaded Objects now: 5158.
Total: 23.543125 ms (FindLiveObjects: 0.136000 ms CreateObjectMapping: 0.065667 ms MarkObjects: 2.296791 ms  DeleteObjects: 21.022959 ms)

The character with Unicode value \u25B8 was not found in the [LiberationSans SDF] font asset or any potential fallbacks. It was replaced by Unicode character \u25A1 in text object [Objective].
Unloading 7 Unused Serialized files (Serialized files now loaded: 0)
UnloadTime: 0.533917 ms
Failed to create agent because there is no valid NavMesh
Failed to create agent because there is no valid NavMesh
Unloading 37 unused Assets to reduce memory usage. Loaded Objects now: 5268.
Total: 23.810833 ms (FindLiveObjects: 0.142959 ms CreateObjectMapping: 0.078917 ms MarkObjects: 2.148833 ms  DeleteObjects: 21.419000 ms)

The character with Unicode value \u25B8 was not found in the [LiberationSans SDF] font asset or any potential fallbacks. It was replaced by Unicode character \u25A1 in text object [Objective].
Unloading 6 Unused Serialized files (Serialized files now loaded: 0)
UnloadTime: 0.569625 ms
Failed to create agent because there is no valid NavMesh
Unloading 24 unused Assets to reduce memory usage. Loaded Objects now: 5120.
Total: 13.564792 ms (FindLiveObjects: 0.125042 ms CreateObjectMapping: 0.071959 ms MarkObjects: 2.262791 ms  DeleteObjects: 11.083625 ms)

[CMD] 01:55:41 COMPLETE_OBJECTIVE reach_bunker
The character with Unicode value \u25B8 was not found in the [LiberationSans SDF] font asset or any potential fallbacks. It was replaced by Unicode character \u25A1 in text object [Objective].
Unloading 7 Unused Serialized files (Serialized files now loaded: 0)
UnloadTime: 0.539709 ms
Failed to create agent because there is no valid NavMesh
Unloading 23 unused Assets to reduce memory usage. Loaded Objects now: 5130.
Total: 13.490250 ms (FindLiveObjects: 0.127458 ms CreateObjectMapping: 0.063459 ms MarkObjects: 2.206916 ms  DeleteObjects: 11.071791 ms)

[CMD] 01:55:42 COMPLETE_OBJECTIVE reach_tower
The character with Unicode value \u25B8 was not found in the [LiberationSans SDF] font asset or any potential fallbacks. It was replaced by Unicode character \u25A1 in text object [Objective].
[CMD] 01:55:42 COLLECT_EVIDENCE access_log_001
[CMD] 01:55:42 COLLECT_EVIDENCE broadcast_key_001
[CMD] 01:55:42 COLLECT_EVIDENCE broadcast_script_001
[CMD] 01:55:42 COLLECT_EVIDENCE guest_log_001
[CMD] 01:55:42 COLLECT_EVIDENCE incident_report_001
[CMD] 01:55:42 COLLECT_EVIDENCE keycard_staff
[CMD] 01:55:42 COLLECT_EVIDENCE ledger_page_001
[CMD] 01:55:42 COLLECT_EVIDENCE public_statement_001
[CMD] 01:55:42 COLLECT_EVIDENCE security_memo_001
[CMD] 01:55:42 COLLECT_EVIDENCE server_archive_001
[CMD] 01:55:42 COLLECT_EVIDENCE transport_manifest_001
[CMD] 01:55:42 COLLECT_EVIDENCE vault_keylog_001
[CMD] 01:55:42 COMPLETE_OBJECTIVE broadcast_truth
[CMD] 01:55:42 COMPLETE_OBJECTIVE corroborate_story
[CMD] 01:55:42 COMPLETE_OBJECTIVE download_archive
[CMD] 01:55:42 COMPLETE_OBJECTIVE find_keycard
[CMD] 01:55:42 COMPLETE_OBJECTIVE infiltrate_service
[CMD] 01:55:42 COMPLETE_OBJECTIVE reach_bunker
[CMD] 01:55:42 COMPLETE_OBJECTIVE reach_compound
[CMD] 01:55:42 COMPLETE_OBJECTIVE reach_tower
[CMD] 01:55:42 COMPLETE_OBJECTIVE route_broadcast
[CMD] 01:55:42 COMPLETE_OBJECTIVE search_office
[CMD] 01:55:42 COMPLETE_OBJECTIVE unlock_service_door
[CMD] 01:55:42 COMPLETE_OBJECTIVE broadcast_truth
[CMD] 01:55:42 COMPLETE_OBJECTIVE corroborate_story
[CMD] 01:55:42 COMPLETE_OBJECTIVE download_archive
[CMD] 01:55:42 COMPLETE_OBJECTIVE find_keycard
[CMD] 01:55:42 COMPLETE_OBJECTIVE infiltrate_service
[CMD] 01:55:42 COMPLETE_OBJECTIVE reach_bunker
[CMD] 01:55:42 COMPLETE_OBJECTIVE reach_tower
[CMD] 01:55:42 COMPLETE_OBJECTIVE route_broadcast
[CMD] 01:55:42 COMPLETE_OBJECTIVE search_office
[CMD] 01:55:42 COMPLETE_OBJECTIVE unlock_service_door
[CMD] 01:55:42 COMPLETE_OBJECTIVE broadcast_truth
[CMD] 01:55:42 COMPLETE_OBJECTIVE reach_bunker
[CMD] 01:55:42 COMPLETE_OBJECTIVE reach_tower
[CMD] 01:55:42 COMPLETE_OBJECTIVE route_broadcast
[CMD] 01:55:42 COMPLETE_OBJECTIVE broadcast_truth
[CMD] 01:55:42 COMPLETE_OBJECTIVE route_broadcast
[CMD] 01:55:42 ROUTE_BROADCAST route_broadcast
[CMD] 01:55:42 COMPLETE_BROADCAST broadcast_truth
[CMD] 01:55:42 CHANGE_SCENE broadcast_tower
Unloading 7 Unused Serialized files (Serialized files now loaded: 0)
UnloadTime: 0.556083 ms
Failed to create agent because there is no valid NavMesh
Unloading 13 unused Assets to reduce memory usage. Loaded Objects now: 5131.
Total: 2.646166 ms (FindLiveObjects: 0.122667 ms CreateObjectMapping: 0.063833 ms MarkObjects: 2.423333 ms  DeleteObjects: 0.016625 ms)

[CMD] 01:55:43 COMPLETE_OBJECTIVE reach_tower
SMOKE PASS — scenes, progression and save round-trip verified.
Thread 0x16fb7b000 may have been prematurely finalized
[Physics::Module] Cleanup current backend.
[Physics::Module] Id: 0xf2b8ea05
Input System module state changed to: ShutdownInProgress.
Input Polling Thread exited.
Input System module state changed to: Shutdown.
Thread 0x16e77f000 may have been prematurely finalized
Thread 0x16e6f3000 may have been prematurely finalized
Thread 0x16e923000 may have been prematurely finalized
Thread 0x16e897000 may have been prematurely finalized
Thread 0x16e80b000 may have been prematurely finalized
Thread 0x16e667000 may have been prematurely finalized
CodeReloadManager destroyed
